2026-04-15T02:35:44+00:00 CRITICAL Uncaught Error: Class "UR_Frontend_Form_Handler" not found in /workspaces/UX-221-BR1---Web-Design-Lab-II-Final-Exam-2/.wordpress/wp-content/plugins/user-registration/includes/functions-ur-form.php:64
Stack trace:
#0 /workspaces/UX-221-BR1---Web-Design-Lab-II-Final-Exam-2/.wordpress/wp-content/plugins/user-registration/modules/membership/includes/Templates/membership-registration-form.php(567): ur_get_form_field_data(5)
#1 /workspaces/UX-221-BR1---Web-Design-Lab-II-Final-Exam-2/.wordpress/wp-content/plugins/user-registration/modules/membership/includes/Admin/Views/Shortcode/MemberRegistrationFormShortcode.php(56): require('/workspaces/UX-...')
#2 [internal function]: WPEverest\URMembership\Admin\Views\Shortcode\MemberRegistrationFormShortcode::display_form(Array, '')
#3 /workspaces/UX-221-BR1---Web-Design-Lab-II-Final-Exam-2/.wordpress/wp-content/plugins/user-registration/modules/membership/includes/ShortCodes.php(59): call_user_func(Array, Array, '')
#4 /workspaces/UX-221-BR1---Web-Design-Lab-II-Final-Exam-2/.wordpress/wp-content/plugins/user-registration/modules/membership/includes/ShortCodes.php(78): WPEverest\URMembership\ShortCodes::shortcode_wrapper(Array, Array)
#5 /workspaces/UX-221-BR1---Web-Design-Lab-II-Final-Exam-2/.wordpress/wp-content/plugins/user-registration/modules/membership/includes/Admin/Forms/class-ur-form-field-membership.php(221): WPEverest\URMembership\ShortCodes::member_registration_form(Array)
#6 /workspaces/UX-221-BR1---Web-Design-Lab-II-Final-Exam-2/.wordpress/wp-includes/class-wp-hook.php(341): UR_Form_Field_Membership->set_membership_field('', 'membership_fiel...', Array, '', '')
#7 /workspaces/UX-221-BR1---Web-Design-Lab-II-Final-Exam-2/.wordpress/wp-includes/plugin.php(205): WP_Hook->apply_filters('', Array)
#8 /workspaces/UX-221-BR1---Web-Design-Lab-II-Final-Exam-2/.wordpress/wp-content/plugins/user-registration/includes/functions-ur-template.php(1103): apply_filters('user_registrati...', '', 'membership_fiel...', Array, '', '')
#9 /workspaces/UX-221-BR1---Web-Design-Lab-II-Final-Exam-2/.wordpress/wp-content/plugins/user-registration/includes/abstracts/abstract-ur-form-field.php(521): user_registration_form_field('membership_fiel...', Array)
#10 /workspaces/UX-221-BR1---Web-Design-Lab-II-Final-Exam-2/.wordpress/wp-content/plugins/user-registration/includes/frontend/class-ur-frontend.php(180): UR_Form_Field->frontend_includes('5', 'text', 'membership', Array)
#11 /workspaces/UX-221-BR1---Web-Design-Lab-II-Final-Exam-2/.wordpress/wp-content/plugins/user-registration/templates/form-registration.php(265): UR_Frontend->user_registration_frontend_form(Object(stdClass), '5')
#12 /workspaces/UX-221-BR1---Web-Design-Lab-II-Final-Exam-2/.wordpress/wp-content/plugins/user-registration/includes/functions-ur-core.php(301): include('/workspaces/UX-...')
#13 /workspaces/UX-221-BR1---Web-Design-Lab-II-Final-Exam-2/.wordpress/wp-content/plugins/user-registration/includes/class-ur-shortcodes.php(578): ur_get_template('form-registrati...', Array)
#14 /workspaces/UX-221-BR1---Web-Design-Lab-II-Final-Exam-2/.wordpress/wp-content/plugins/user-registration/includes/class-ur-shortcodes.php(468): UR_Shortcodes::render_form('5')
#15 /workspaces/UX-221-BR1---Web-Design-Lab-II-Final-Exam-2/.wordpress/wp-includes/shortcodes.php(434): UR_Shortcodes::form(Array, '', 'user_registrati...')
#16 [internal function]: do_shortcode_tag(Array)
#17 /workspaces/UX-221-BR1---Web-Design-Lab-II-Final-Exam-2/.wordpress/wp-includes/shortcodes.php(273): preg_replace_callback('/\\[(\\[?)(user_r...', 'do_shortcode_ta...', '[user_registrat...')
#18 /workspaces/UX-221-BR1---Web-Design-Lab-II-Final-Exam-2/.wordpress/wp-includes/class-wp-hook.php(341): do_shortcode('[user_registrat...')
#19 /workspaces/UX-221-BR1---Web-Design-Lab-II-Final-Exam-2/.wordpress/wp-includes/plugin.php(205): WP_Hook->apply_filters('[user_registrat...', Array)
#20 /workspaces/UX-221-BR1---Web-Design-Lab-II-Final-Exam-2/.wordpress/wp-includes/rest-api/endpoints/class-wp-rest-posts-controller.php(1972): apply_filters('the_content', '[user_registrat...')
#21 /workspaces/UX-221-BR1---Web-Design-Lab-II-Final-Exam-2/.wordpress/wp-includes/rest-api/endpoints/class-wp-rest-posts-controller.php(666): WP_REST_Posts_Controller->prepare_item_for_response(Object(WP_Post), Object(WP_REST_Request))
#22 /workspaces/UX-221-BR1---Web-Design-Lab-II-Final-Exam-2/.wordpress/wp-includes/rest-api/class-wp-rest-server.php(1292): WP_REST_Posts_Controller->get_item(Object(WP_REST_Request))
#23 /workspaces/UX-221-BR1---Web-Design-Lab-II-Final-Exam-2/.wordpress/wp-includes/rest-api/class-wp-rest-server.php(1125): WP_REST_Server->respond_to_request(Object(WP_REST_Request), '/wp/v2/pages/(?...', Array, NULL)
#24 /workspaces/UX-221-BR1---Web-Design-Lab-II-Final-Exam-2/.wordpress/wp-includes/rest-api.php(594): WP_REST_Server->dispatch(Object(WP_REST_Request))
#25 /workspaces/UX-221-BR1---Web-Design-Lab-II-Final-Exam-2/.wordpress/wp-includes/rest-api.php(2981): rest_do_request(Object(WP_REST_Request))
#26 [internal function]: rest_preload_api_request(Array, '/wp/v2/pages/14...')
#27 /workspaces/UX-221-BR1---Web-Design-Lab-II-Final-Exam-2/.wordpress/wp-includes/block-editor.php(762): array_reduce(Array, 'rest_preload_ap...', Array)
#28 /workspaces/UX-221-BR1---Web-Design-Lab-II-Final-Exam-2/.wordpress/wp-admin/edit-form-blocks.php(114): block_editor_rest_api_preload(Array, Object(WP_Block_Editor_Context))
#29 /workspaces/UX-221-BR1---Web-Design-Lab-II-Final-Exam-2/.wordpress/wp-admin/post.php(187): require('/workspaces/UX-...')
#30 {main}
  thrown in /workspaces/UX-221-BR1---Web-Design-Lab-II-Final-Exam-2/.wordpress/wp-content/plugins/user-registration/includes/functions-ur-form.php on line 64

2026-04-15T02:35:44+00:00 CRITICAL Uncaught Error: Class "UR_Frontend_Form_Handler" not found in /workspaces/UX-221-BR1---Web-Design-Lab-II-Final-Exam-2/.wordpress/wp-content/plugins/user-registration/includes/functions-ur-form.php:64
Stack trace:
#0 /workspaces/UX-221-BR1---Web-Design-Lab-II-Final-Exam-2/.wordpress/wp-content/plugins/user-registration/modules/membership/includes/Templates/membership-registration-form.php(567): ur_get_form_field_data(5)
#1 /workspaces/UX-221-BR1---Web-Design-Lab-II-Final-Exam-2/.wordpress/wp-content/plugins/user-registration/modules/membership/includes/Admin/Views/Shortcode/MemberRegistrationFormShortcode.php(56): require('/workspaces/UX-...')
#2 [internal function]: WPEverest\URMembership\Admin\Views\Shortcode\MemberRegistrationFormShortcode::display_form(Array, '')
#3 /workspaces/UX-221-BR1---Web-Design-Lab-II-Final-Exam-2/.wordpress/wp-content/plugins/user-registration/modules/membership/includes/ShortCodes.php(59): call_user_func(Array, Array, '')
#4 /workspaces/UX-221-BR1---Web-Design-Lab-II-Final-Exam-2/.wordpress/wp-content/plugins/user-registration/modules/membership/includes/ShortCodes.php(78): WPEverest\URMembership\ShortCodes::shortcode_wrapper(Array, Array)
#5 /workspaces/UX-221-BR1---Web-Design-Lab-II-Final-Exam-2/.wordpress/wp-content/plugins/user-registration/modules/membership/includes/Admin/Forms/class-ur-form-field-membership.php(221): WPEverest\URMembership\ShortCodes::member_registration_form(Array)
#6 /workspaces/UX-221-BR1---Web-Design-Lab-II-Final-Exam-2/.wordpress/wp-includes/class-wp-hook.php(341): UR_Form_Field_Membership->set_membership_field('', 'membership_fiel...', Array, '', '')
#7 /workspaces/UX-221-BR1---Web-Design-Lab-II-Final-Exam-2/.wordpress/wp-includes/plugin.php(205): WP_Hook->apply_filters('', Array)
#8 /workspaces/UX-221-BR1---Web-Design-Lab-II-Final-Exam-2/.wordpress/wp-content/plugins/user-registration/includes/functions-ur-template.php(1103): apply_filters('user_registrati...', '', 'membership_fiel...', Array, '', '')
#9 /workspaces/UX-221-BR1---Web-Design-Lab-II-Final-Exam-2/.wordpress/wp-content/plugins/user-registration/includes/abstracts/abstract-ur-form-field.php(521): user_registration_form_field('membership_fiel...', Array)
#10 /workspaces/UX-221-BR1---Web-Design-Lab-II-Final-Exam-2/.wordpress/wp-content/plugins/user-registration/includes/frontend/class-ur-frontend.php(180): UR_Form_Field->frontend_includes('5', 'text', 'membership', Array)
#11 /workspaces/UX-221-BR1---Web-Design-Lab-II-Final-Exam-2/.wordpress/wp-content/plugins/user-registration/templates/form-registration.php(265): UR_Frontend->user_registration_frontend_form(Object(stdClass), '5')
#12 /workspaces/UX-221-BR1---Web-Design-Lab-II-Final-Exam-2/.wordpress/wp-content/plugins/user-registration/includes/functions-ur-core.php(301): include('/workspaces/UX-...')
#13 /workspaces/UX-221-BR1---Web-Design-Lab-II-Final-Exam-2/.wordpress/wp-content/plugins/user-registration/includes/class-ur-shortcodes.php(578): ur_get_template('form-registrati...', Array)
#14 /workspaces/UX-221-BR1---Web-Design-Lab-II-Final-Exam-2/.wordpress/wp-content/plugins/user-registration/includes/class-ur-shortcodes.php(468): UR_Shortcodes::render_form('5')
#15 /workspaces/UX-221-BR1---Web-Design-Lab-II-Final-Exam-2/.wordpress/wp-includes/shortcodes.php(434): UR_Shortcodes::form(Array, '', 'user_registrati...')
#16 [internal function]: do_shortcode_tag(Array)
#17 /workspaces/UX-221-BR1---Web-Design-Lab-II-Final-Exam-2/.wordpress/wp-includes/shortcodes.php(273): preg_replace_callback('/\\[(\\[?)(user_r...', 'do_shortcode_ta...', '[user_registrat...')
#18 /workspaces/UX-221-BR1---Web-Design-Lab-II-Final-Exam-2/.wordpress/wp-includes/class-wp-hook.php(341): do_shortcode('[user_registrat...')
#19 /workspaces/UX-221-BR1---Web-Design-Lab-II-Final-Exam-2/.wordpress/wp-includes/plugin.php(205): WP_Hook->apply_filters('[user_registrat...', Array)
#20 /workspaces/UX-221-BR1---Web-Design-Lab-II-Final-Exam-2/.wordpress/wp-includes/rest-api/endpoints/class-wp-rest-posts-controller.php(1972): apply_filters('the_content', '[user_registrat...')
#21 /workspaces/UX-221-BR1---Web-Design-Lab-II-Final-Exam-2/.wordpress/wp-includes/rest-api/endpoints/class-wp-rest-posts-controller.php(666): WP_REST_Posts_Controller->prepare_item_for_response(Object(WP_Post), Object(WP_REST_Request))
#22 /workspaces/UX-221-BR1---Web-Design-Lab-II-Final-Exam-2/.wordpress/wp-includes/rest-api/class-wp-rest-server.php(1292): WP_REST_Posts_Controller->get_item(Object(WP_REST_Request))
#23 /workspaces/UX-221-BR1---Web-Design-Lab-II-Final-Exam-2/.wordpress/wp-includes/rest-api/class-wp-rest-server.php(1125): WP_REST_Server->respond_to_request(Object(WP_REST_Request), '/wp/v2/pages/(?...', Array, NULL)
#24 /workspaces/UX-221-BR1---Web-Design-Lab-II-Final-Exam-2/.wordpress/wp-includes/rest-api.php(594): WP_REST_Server->dispatch(Object(WP_REST_Request))
#25 /workspaces/UX-221-BR1---Web-Design-Lab-II-Final-Exam-2/.wordpress/wp-includes/rest-api.php(2981): rest_do_request(Object(WP_REST_Request))
#26 [internal function]: rest_preload_api_request(Array, '/wp/v2/pages/14...')
#27 /workspaces/UX-221-BR1---Web-Design-Lab-II-Final-Exam-2/.wordpress/wp-includes/block-editor.php(762): array_reduce(Array, 'rest_preload_ap...', Array)
#28 /workspaces/UX-221-BR1---Web-Design-Lab-II-Final-Exam-2/.wordpress/wp-admin/edit-form-blocks.php(114): block_editor_rest_api_preload(Array, Object(WP_Block_Editor_Context))
#29 /workspaces/UX-221-BR1---Web-Design-Lab-II-Final-Exam-2/.wordpress/wp-admin/post.php(187): require('/workspaces/UX-...')
#30 {main}
  thrown in /workspaces/UX-221-BR1---Web-Design-Lab-II-Final-Exam-2/.wordpress/wp-content/plugins/user-registration/includes/functions-ur-form.php on line 64

2026-04-15T02:35:44+00:00 CRITICAL Uncaught Error: Class "UR_Frontend_Form_Handler" not found in /workspaces/UX-221-BR1---Web-Design-Lab-II-Final-Exam-2/.wordpress/wp-content/plugins/user-registration/includes/functions-ur-form.php:64
Stack trace:
#0 /workspaces/UX-221-BR1---Web-Design-Lab-II-Final-Exam-2/.wordpress/wp-content/plugins/user-registration/modules/membership/includes/Templates/membership-registration-form.php(567): ur_get_form_field_data(5)
#1 /workspaces/UX-221-BR1---Web-Design-Lab-II-Final-Exam-2/.wordpress/wp-content/plugins/user-registration/modules/membership/includes/Admin/Views/Shortcode/MemberRegistrationFormShortcode.php(56): require('/workspaces/UX-...')
#2 [internal function]: WPEverest\URMembership\Admin\Views\Shortcode\MemberRegistrationFormShortcode::display_form(Array, '')
#3 /workspaces/UX-221-BR1---Web-Design-Lab-II-Final-Exam-2/.wordpress/wp-content/plugins/user-registration/modules/membership/includes/ShortCodes.php(59): call_user_func(Array, Array, '')
#4 /workspaces/UX-221-BR1---Web-Design-Lab-II-Final-Exam-2/.wordpress/wp-content/plugins/user-registration/modules/membership/includes/ShortCodes.php(78): WPEverest\URMembership\ShortCodes::shortcode_wrapper(Array, Array)
#5 /workspaces/UX-221-BR1---Web-Design-Lab-II-Final-Exam-2/.wordpress/wp-content/plugins/user-registration/modules/membership/includes/Admin/Forms/class-ur-form-field-membership.php(221): WPEverest\URMembership\ShortCodes::member_registration_form(Array)
#6 /workspaces/UX-221-BR1---Web-Design-Lab-II-Final-Exam-2/.wordpress/wp-includes/class-wp-hook.php(341): UR_Form_Field_Membership->set_membership_field('', 'membership_fiel...', Array, '', '')
#7 /workspaces/UX-221-BR1---Web-Design-Lab-II-Final-Exam-2/.wordpress/wp-includes/plugin.php(205): WP_Hook->apply_filters('', Array)
#8 /workspaces/UX-221-BR1---Web-Design-Lab-II-Final-Exam-2/.wordpress/wp-content/plugins/user-registration/includes/functions-ur-template.php(1103): apply_filters('user_registrati...', '', 'membership_fiel...', Array, '', '')
#9 /workspaces/UX-221-BR1---Web-Design-Lab-II-Final-Exam-2/.wordpress/wp-content/plugins/user-registration/includes/abstracts/abstract-ur-form-field.php(521): user_registration_form_field('membership_fiel...', Array)
#10 /workspaces/UX-221-BR1---Web-Design-Lab-II-Final-Exam-2/.wordpress/wp-content/plugins/user-registration/includes/frontend/class-ur-frontend.php(180): UR_Form_Field->frontend_includes('5', 'text', 'membership', Array)
#11 /workspaces/UX-221-BR1---Web-Design-Lab-II-Final-Exam-2/.wordpress/wp-content/plugins/user-registration/templates/form-registration.php(265): UR_Frontend->user_registration_frontend_form(Object(stdClass), '5')
#12 /workspaces/UX-221-BR1---Web-Design-Lab-II-Final-Exam-2/.wordpress/wp-content/plugins/user-registration/includes/functions-ur-core.php(301): include('/workspaces/UX-...')
#13 /workspaces/UX-221-BR1---Web-Design-Lab-II-Final-Exam-2/.wordpress/wp-content/plugins/user-registration/includes/class-ur-shortcodes.php(578): ur_get_template('form-registrati...', Array)
#14 /workspaces/UX-221-BR1---Web-Design-Lab-II-Final-Exam-2/.wordpress/wp-content/plugins/user-registration/includes/class-ur-shortcodes.php(468): UR_Shortcodes::render_form('5')
#15 /workspaces/UX-221-BR1---Web-Design-Lab-II-Final-Exam-2/.wordpress/wp-includes/shortcodes.php(434): UR_Shortcodes::form(Array, '', 'user_registrati...')
#16 [internal function]: do_shortcode_tag(Array)
#17 /workspaces/UX-221-BR1---Web-Design-Lab-II-Final-Exam-2/.wordpress/wp-includes/shortcodes.php(273): preg_replace_callback('/\\[(\\[?)(user_r...', 'do_shortcode_ta...', '[user_registrat...')
#18 /workspaces/UX-221-BR1---Web-Design-Lab-II-Final-Exam-2/.wordpress/wp-includes/class-wp-hook.php(341): do_shortcode('[user_registrat...')
#19 /workspaces/UX-221-BR1---Web-Design-Lab-II-Final-Exam-2/.wordpress/wp-includes/plugin.php(205): WP_Hook->apply_filters('[user_registrat...', Array)
#20 /workspaces/UX-221-BR1---Web-Design-Lab-II-Final-Exam-2/.wordpress/wp-includes/rest-api/endpoints/class-wp-rest-posts-controller.php(1972): apply_filters('the_content', '[user_registrat...')
#21 /workspaces/UX-221-BR1---Web-Design-Lab-II-Final-Exam-2/.wordpress/wp-includes/rest-api/endpoints/class-wp-rest-posts-controller.php(666): WP_REST_Posts_Controller->prepare_item_for_response(Object(WP_Post), Object(WP_REST_Request))
#22 /workspaces/UX-221-BR1---Web-Design-Lab-II-Final-Exam-2/.wordpress/wp-includes/rest-api/class-wp-rest-server.php(1292): WP_REST_Posts_Controller->get_item(Object(WP_REST_Request))
#23 /workspaces/UX-221-BR1---Web-Design-Lab-II-Final-Exam-2/.wordpress/wp-includes/rest-api/class-wp-rest-server.php(1125): WP_REST_Server->respond_to_request(Object(WP_REST_Request), '/wp/v2/pages/(?...', Array, NULL)
#24 /workspaces/UX-221-BR1---Web-Design-Lab-II-Final-Exam-2/.wordpress/wp-includes/rest-api.php(594): WP_REST_Server->dispatch(Object(WP_REST_Request))
#25 /workspaces/UX-221-BR1---Web-Design-Lab-II-Final-Exam-2/.wordpress/wp-includes/rest-api.php(2981): rest_do_request(Object(WP_REST_Request))
#26 [internal function]: rest_preload_api_request(Array, '/wp/v2/pages/14...')
#27 /workspaces/UX-221-BR1---Web-Design-Lab-II-Final-Exam-2/.wordpress/wp-includes/block-editor.php(762): array_reduce(Array, 'rest_preload_ap...', Array)
#28 /workspaces/UX-221-BR1---Web-Design-Lab-II-Final-Exam-2/.wordpress/wp-admin/edit-form-blocks.php(114): block_editor_rest_api_preload(Array, Object(WP_Block_Editor_Context))
#29 /workspaces/UX-221-BR1---Web-Design-Lab-II-Final-Exam-2/.wordpress/wp-admin/post.php(187): require('/workspaces/UX-...')
#30 {main}
  thrown in /workspaces/UX-221-BR1---Web-Design-Lab-II-Final-Exam-2/.wordpress/wp-content/plugins/user-registration/includes/functions-ur-form.php on line 64

2026-04-15T02:35:44+00:00 CRITICAL Uncaught Error: Class "UR_Frontend_Form_Handler" not found in /workspaces/UX-221-BR1---Web-Design-Lab-II-Final-Exam-2/.wordpress/wp-content/plugins/user-registration/includes/functions-ur-form.php:64
Stack trace:
#0 /workspaces/UX-221-BR1---Web-Design-Lab-II-Final-Exam-2/.wordpress/wp-content/plugins/user-registration/modules/membership/includes/Templates/membership-registration-form.php(567): ur_get_form_field_data(5)
#1 /workspaces/UX-221-BR1---Web-Design-Lab-II-Final-Exam-2/.wordpress/wp-content/plugins/user-registration/modules/membership/includes/Admin/Views/Shortcode/MemberRegistrationFormShortcode.php(56): require('/workspaces/UX-...')
#2 [internal function]: WPEverest\URMembership\Admin\Views\Shortcode\MemberRegistrationFormShortcode::display_form(Array, '')
#3 /workspaces/UX-221-BR1---Web-Design-Lab-II-Final-Exam-2/.wordpress/wp-content/plugins/user-registration/modules/membership/includes/ShortCodes.php(59): call_user_func(Array, Array, '')
#4 /workspaces/UX-221-BR1---Web-Design-Lab-II-Final-Exam-2/.wordpress/wp-content/plugins/user-registration/modules/membership/includes/ShortCodes.php(78): WPEverest\URMembership\ShortCodes::shortcode_wrapper(Array, Array)
#5 /workspaces/UX-221-BR1---Web-Design-Lab-II-Final-Exam-2/.wordpress/wp-content/plugins/user-registration/modules/membership/includes/Admin/Forms/class-ur-form-field-membership.php(221): WPEverest\URMembership\ShortCodes::member_registration_form(Array)
#6 /workspaces/UX-221-BR1---Web-Design-Lab-II-Final-Exam-2/.wordpress/wp-includes/class-wp-hook.php(341): UR_Form_Field_Membership->set_membership_field('', 'membership_fiel...', Array, '', '')
#7 /workspaces/UX-221-BR1---Web-Design-Lab-II-Final-Exam-2/.wordpress/wp-includes/plugin.php(205): WP_Hook->apply_filters('', Array)
#8 /workspaces/UX-221-BR1---Web-Design-Lab-II-Final-Exam-2/.wordpress/wp-content/plugins/user-registration/includes/functions-ur-template.php(1103): apply_filters('user_registrati...', '', 'membership_fiel...', Array, '', '')
#9 /workspaces/UX-221-BR1---Web-Design-Lab-II-Final-Exam-2/.wordpress/wp-content/plugins/user-registration/includes/abstracts/abstract-ur-form-field.php(521): user_registration_form_field('membership_fiel...', Array)
#10 /workspaces/UX-221-BR1---Web-Design-Lab-II-Final-Exam-2/.wordpress/wp-content/plugins/user-registration/includes/frontend/class-ur-frontend.php(180): UR_Form_Field->frontend_includes('5', 'text', 'membership', Array)
#11 /workspaces/UX-221-BR1---Web-Design-Lab-II-Final-Exam-2/.wordpress/wp-content/plugins/user-registration/templates/form-registration.php(265): UR_Frontend->user_registration_frontend_form(Object(stdClass), '5')
#12 /workspaces/UX-221-BR1---Web-Design-Lab-II-Final-Exam-2/.wordpress/wp-content/plugins/user-registration/includes/functions-ur-core.php(301): include('/workspaces/UX-...')
#13 /workspaces/UX-221-BR1---Web-Design-Lab-II-Final-Exam-2/.wordpress/wp-content/plugins/user-registration/includes/class-ur-shortcodes.php(578): ur_get_template('form-registrati...', Array)
#14 /workspaces/UX-221-BR1---Web-Design-Lab-II-Final-Exam-2/.wordpress/wp-content/plugins/user-registration/includes/class-ur-shortcodes.php(468): UR_Shortcodes::render_form('5')
#15 /workspaces/UX-221-BR1---Web-Design-Lab-II-Final-Exam-2/.wordpress/wp-includes/shortcodes.php(434): UR_Shortcodes::form(Array, '', 'user_registrati...')
#16 [internal function]: do_shortcode_tag(Array)
#17 /workspaces/UX-221-BR1---Web-Design-Lab-II-Final-Exam-2/.wordpress/wp-includes/shortcodes.php(273): preg_replace_callback('/\\[(\\[?)(user_r...', 'do_shortcode_ta...', '[user_registrat...')
#18 /workspaces/UX-221-BR1---Web-Design-Lab-II-Final-Exam-2/.wordpress/wp-includes/class-wp-hook.php(341): do_shortcode('[user_registrat...')
#19 /workspaces/UX-221-BR1---Web-Design-Lab-II-Final-Exam-2/.wordpress/wp-includes/plugin.php(205): WP_Hook->apply_filters('[user_registrat...', Array)
#20 /workspaces/UX-221-BR1---Web-Design-Lab-II-Final-Exam-2/.wordpress/wp-includes/rest-api/endpoints/class-wp-rest-posts-controller.php(1972): apply_filters('the_content', '[user_registrat...')
#21 /workspaces/UX-221-BR1---Web-Design-Lab-II-Final-Exam-2/.wordpress/wp-includes/rest-api/endpoints/class-wp-rest-posts-controller.php(666): WP_REST_Posts_Controller->prepare_item_for_response(Object(WP_Post), Object(WP_REST_Request))
#22 /workspaces/UX-221-BR1---Web-Design-Lab-II-Final-Exam-2/.wordpress/wp-includes/rest-api/class-wp-rest-server.php(1292): WP_REST_Posts_Controller->get_item(Object(WP_REST_Request))
#23 /workspaces/UX-221-BR1---Web-Design-Lab-II-Final-Exam-2/.wordpress/wp-includes/rest-api/class-wp-rest-server.php(1125): WP_REST_Server->respond_to_request(Object(WP_REST_Request), '/wp/v2/pages/(?...', Array, NULL)
#24 /workspaces/UX-221-BR1---Web-Design-Lab-II-Final-Exam-2/.wordpress/wp-includes/rest-api.php(594): WP_REST_Server->dispatch(Object(WP_REST_Request))
#25 /workspaces/UX-221-BR1---Web-Design-Lab-II-Final-Exam-2/.wordpress/wp-includes/rest-api.php(2981): rest_do_request(Object(WP_REST_Request))
#26 [internal function]: rest_preload_api_request(Array, '/wp/v2/pages/14...')
#27 /workspaces/UX-221-BR1---Web-Design-Lab-II-Final-Exam-2/.wordpress/wp-includes/block-editor.php(762): array_reduce(Array, 'rest_preload_ap...', Array)
#28 /workspaces/UX-221-BR1---Web-Design-Lab-II-Final-Exam-2/.wordpress/wp-admin/edit-form-blocks.php(114): block_editor_rest_api_preload(Array, Object(WP_Block_Editor_Context))
#29 /workspaces/UX-221-BR1---Web-Design-Lab-II-Final-Exam-2/.wordpress/wp-admin/post.php(187): require('/workspaces/UX-...')
#30 {main}
  thrown in /workspaces/UX-221-BR1---Web-Design-Lab-II-Final-Exam-2/.wordpress/wp-content/plugins/user-registration/includes/functions-ur-form.php on line 64

2026-04-15T02:35:51+00:00 CRITICAL Uncaught Error: Class "UR_Frontend_Form_Handler" not found in /workspaces/UX-221-BR1---Web-Design-Lab-II-Final-Exam-2/.wordpress/wp-content/plugins/user-registration/includes/functions-ur-form.php:64
Stack trace:
#0 /workspaces/UX-221-BR1---Web-Design-Lab-II-Final-Exam-2/.wordpress/wp-content/plugins/user-registration/modules/membership/includes/Templates/membership-registration-form.php(567): ur_get_form_field_data(5)
#1 /workspaces/UX-221-BR1---Web-Design-Lab-II-Final-Exam-2/.wordpress/wp-content/plugins/user-registration/modules/membership/includes/Admin/Views/Shortcode/MemberRegistrationFormShortcode.php(56): require('/workspaces/UX-...')
#2 [internal function]: WPEverest\URMembership\Admin\Views\Shortcode\MemberRegistrationFormShortcode::display_form(Array, '')
#3 /workspaces/UX-221-BR1---Web-Design-Lab-II-Final-Exam-2/.wordpress/wp-content/plugins/user-registration/modules/membership/includes/ShortCodes.php(59): call_user_func(Array, Array, '')
#4 /workspaces/UX-221-BR1---Web-Design-Lab-II-Final-Exam-2/.wordpress/wp-content/plugins/user-registration/modules/membership/includes/ShortCodes.php(78): WPEverest\URMembership\ShortCodes::shortcode_wrapper(Array, Array)
#5 /workspaces/UX-221-BR1---Web-Design-Lab-II-Final-Exam-2/.wordpress/wp-content/plugins/user-registration/modules/membership/includes/Admin/Forms/class-ur-form-field-membership.php(221): WPEverest\URMembership\ShortCodes::member_registration_form(Array)
#6 /workspaces/UX-221-BR1---Web-Design-Lab-II-Final-Exam-2/.wordpress/wp-includes/class-wp-hook.php(341): UR_Form_Field_Membership->set_membership_field('', 'membership_fiel...', Array, '', '')
#7 /workspaces/UX-221-BR1---Web-Design-Lab-II-Final-Exam-2/.wordpress/wp-includes/plugin.php(205): WP_Hook->apply_filters('', Array)
#8 /workspaces/UX-221-BR1---Web-Design-Lab-II-Final-Exam-2/.wordpress/wp-content/plugins/user-registration/includes/functions-ur-template.php(1103): apply_filters('user_registrati...', '', 'membership_fiel...', Array, '', '')
#9 /workspaces/UX-221-BR1---Web-Design-Lab-II-Final-Exam-2/.wordpress/wp-content/plugins/user-registration/includes/abstracts/abstract-ur-form-field.php(521): user_registration_form_field('membership_fiel...', Array)
#10 /workspaces/UX-221-BR1---Web-Design-Lab-II-Final-Exam-2/.wordpress/wp-content/plugins/user-registration/includes/frontend/class-ur-frontend.php(180): UR_Form_Field->frontend_includes('5', 'text', 'membership', Array)
#11 /workspaces/UX-221-BR1---Web-Design-Lab-II-Final-Exam-2/.wordpress/wp-content/plugins/user-registration/templates/form-registration.php(265): UR_Frontend->user_registration_frontend_form(Object(stdClass), '5')
#12 /workspaces/UX-221-BR1---Web-Design-Lab-II-Final-Exam-2/.wordpress/wp-content/plugins/user-registration/includes/functions-ur-core.php(301): include('/workspaces/UX-...')
#13 /workspaces/UX-221-BR1---Web-Design-Lab-II-Final-Exam-2/.wordpress/wp-content/plugins/user-registration/includes/class-ur-shortcodes.php(578): ur_get_template('form-registrati...', Array)
#14 /workspaces/UX-221-BR1---Web-Design-Lab-II-Final-Exam-2/.wordpress/wp-content/plugins/user-registration/includes/class-ur-shortcodes.php(468): UR_Shortcodes::render_form('5')
#15 /workspaces/UX-221-BR1---Web-Design-Lab-II-Final-Exam-2/.wordpress/wp-includes/shortcodes.php(434): UR_Shortcodes::form(Array, '', 'user_registrati...')
#16 [internal function]: do_shortcode_tag(Array)
#17 /workspaces/UX-221-BR1---Web-Design-Lab-II-Final-Exam-2/.wordpress/wp-includes/shortcodes.php(273): preg_replace_callback('/\\[(\\[?)(user_r...', 'do_shortcode_ta...', '[user_registrat...')
#18 /workspaces/UX-221-BR1---Web-Design-Lab-II-Final-Exam-2/.wordpress/wp-includes/class-wp-hook.php(341): do_shortcode('[user_registrat...')
#19 /workspaces/UX-221-BR1---Web-Design-Lab-II-Final-Exam-2/.wordpress/wp-includes/plugin.php(205): WP_Hook->apply_filters('[user_registrat...', Array)
#20 /workspaces/UX-221-BR1---Web-Design-Lab-II-Final-Exam-2/.wordpress/wp-includes/rest-api/endpoints/class-wp-rest-posts-controller.php(1972): apply_filters('the_content', '[user_registrat...')
#21 /workspaces/UX-221-BR1---Web-Design-Lab-II-Final-Exam-2/.wordpress/wp-includes/rest-api/endpoints/class-wp-rest-posts-controller.php(666): WP_REST_Posts_Controller->prepare_item_for_response(Object(WP_Post), Object(WP_REST_Request))
#22 /workspaces/UX-221-BR1---Web-Design-Lab-II-Final-Exam-2/.wordpress/wp-includes/rest-api/class-wp-rest-server.php(1292): WP_REST_Posts_Controller->get_item(Object(WP_REST_Request))
#23 /workspaces/UX-221-BR1---Web-Design-Lab-II-Final-Exam-2/.wordpress/wp-includes/rest-api/class-wp-rest-server.php(1125): WP_REST_Server->respond_to_request(Object(WP_REST_Request), '/wp/v2/pages/(?...', Array, NULL)
#24 /workspaces/UX-221-BR1---Web-Design-Lab-II-Final-Exam-2/.wordpress/wp-includes/rest-api.php(594): WP_REST_Server->dispatch(Object(WP_REST_Request))
#25 /workspaces/UX-221-BR1---Web-Design-Lab-II-Final-Exam-2/.wordpress/wp-includes/rest-api.php(2981): rest_do_request(Object(WP_REST_Request))
#26 [internal function]: rest_preload_api_request(Array, '/wp/v2/pages/14...')
#27 /workspaces/UX-221-BR1---Web-Design-Lab-II-Final-Exam-2/.wordpress/wp-includes/block-editor.php(762): array_reduce(Array, 'rest_preload_ap...', Array)
#28 /workspaces/UX-221-BR1---Web-Design-Lab-II-Final-Exam-2/.wordpress/wp-admin/edit-form-blocks.php(114): block_editor_rest_api_preload(Array, Object(WP_Block_Editor_Context))
#29 /workspaces/UX-221-BR1---Web-Design-Lab-II-Final-Exam-2/.wordpress/wp-admin/post.php(187): require('/workspaces/UX-...')
#30 {main}
  thrown in /workspaces/UX-221-BR1---Web-Design-Lab-II-Final-Exam-2/.wordpress/wp-content/plugins/user-registration/includes/functions-ur-form.php on line 64

2026-04-15T02:35:51+00:00 CRITICAL Uncaught Error: Class "UR_Frontend_Form_Handler" not found in /workspaces/UX-221-BR1---Web-Design-Lab-II-Final-Exam-2/.wordpress/wp-content/plugins/user-registration/includes/functions-ur-form.php:64
Stack trace:
#0 /workspaces/UX-221-BR1---Web-Design-Lab-II-Final-Exam-2/.wordpress/wp-content/plugins/user-registration/modules/membership/includes/Templates/membership-registration-form.php(567): ur_get_form_field_data(5)
#1 /workspaces/UX-221-BR1---Web-Design-Lab-II-Final-Exam-2/.wordpress/wp-content/plugins/user-registration/modules/membership/includes/Admin/Views/Shortcode/MemberRegistrationFormShortcode.php(56): require('/workspaces/UX-...')
#2 [internal function]: WPEverest\URMembership\Admin\Views\Shortcode\MemberRegistrationFormShortcode::display_form(Array, '')
#3 /workspaces/UX-221-BR1---Web-Design-Lab-II-Final-Exam-2/.wordpress/wp-content/plugins/user-registration/modules/membership/includes/ShortCodes.php(59): call_user_func(Array, Array, '')
#4 /workspaces/UX-221-BR1---Web-Design-Lab-II-Final-Exam-2/.wordpress/wp-content/plugins/user-registration/modules/membership/includes/ShortCodes.php(78): WPEverest\URMembership\ShortCodes::shortcode_wrapper(Array, Array)
#5 /workspaces/UX-221-BR1---Web-Design-Lab-II-Final-Exam-2/.wordpress/wp-content/plugins/user-registration/modules/membership/includes/Admin/Forms/class-ur-form-field-membership.php(221): WPEverest\URMembership\ShortCodes::member_registration_form(Array)
#6 /workspaces/UX-221-BR1---Web-Design-Lab-II-Final-Exam-2/.wordpress/wp-includes/class-wp-hook.php(341): UR_Form_Field_Membership->set_membership_field('', 'membership_fiel...', Array, '', '')
#7 /workspaces/UX-221-BR1---Web-Design-Lab-II-Final-Exam-2/.wordpress/wp-includes/plugin.php(205): WP_Hook->apply_filters('', Array)
#8 /workspaces/UX-221-BR1---Web-Design-Lab-II-Final-Exam-2/.wordpress/wp-content/plugins/user-registration/includes/functions-ur-template.php(1103): apply_filters('user_registrati...', '', 'membership_fiel...', Array, '', '')
#9 /workspaces/UX-221-BR1---Web-Design-Lab-II-Final-Exam-2/.wordpress/wp-content/plugins/user-registration/includes/abstracts/abstract-ur-form-field.php(521): user_registration_form_field('membership_fiel...', Array)
#10 /workspaces/UX-221-BR1---Web-Design-Lab-II-Final-Exam-2/.wordpress/wp-content/plugins/user-registration/includes/frontend/class-ur-frontend.php(180): UR_Form_Field->frontend_includes('5', 'text', 'membership', Array)
#11 /workspaces/UX-221-BR1---Web-Design-Lab-II-Final-Exam-2/.wordpress/wp-content/plugins/user-registration/templates/form-registration.php(265): UR_Frontend->user_registration_frontend_form(Object(stdClass), '5')
#12 /workspaces/UX-221-BR1---Web-Design-Lab-II-Final-Exam-2/.wordpress/wp-content/plugins/user-registration/includes/functions-ur-core.php(301): include('/workspaces/UX-...')
#13 /workspaces/UX-221-BR1---Web-Design-Lab-II-Final-Exam-2/.wordpress/wp-content/plugins/user-registration/includes/class-ur-shortcodes.php(578): ur_get_template('form-registrati...', Array)
#14 /workspaces/UX-221-BR1---Web-Design-Lab-II-Final-Exam-2/.wordpress/wp-content/plugins/user-registration/includes/class-ur-shortcodes.php(468): UR_Shortcodes::render_form('5')
#15 /workspaces/UX-221-BR1---Web-Design-Lab-II-Final-Exam-2/.wordpress/wp-includes/shortcodes.php(434): UR_Shortcodes::form(Array, '', 'user_registrati...')
#16 [internal function]: do_shortcode_tag(Array)
#17 /workspaces/UX-221-BR1---Web-Design-Lab-II-Final-Exam-2/.wordpress/wp-includes/shortcodes.php(273): preg_replace_callback('/\\[(\\[?)(user_r...', 'do_shortcode_ta...', '[user_registrat...')
#18 /workspaces/UX-221-BR1---Web-Design-Lab-II-Final-Exam-2/.wordpress/wp-includes/class-wp-hook.php(341): do_shortcode('[user_registrat...')
#19 /workspaces/UX-221-BR1---Web-Design-Lab-II-Final-Exam-2/.wordpress/wp-includes/plugin.php(205): WP_Hook->apply_filters('[user_registrat...', Array)
#20 /workspaces/UX-221-BR1---Web-Design-Lab-II-Final-Exam-2/.wordpress/wp-includes/rest-api/endpoints/class-wp-rest-posts-controller.php(1972): apply_filters('the_content', '[user_registrat...')
#21 /workspaces/UX-221-BR1---Web-Design-Lab-II-Final-Exam-2/.wordpress/wp-includes/rest-api/endpoints/class-wp-rest-posts-controller.php(666): WP_REST_Posts_Controller->prepare_item_for_response(Object(WP_Post), Object(WP_REST_Request))
#22 /workspaces/UX-221-BR1---Web-Design-Lab-II-Final-Exam-2/.wordpress/wp-includes/rest-api/class-wp-rest-server.php(1292): WP_REST_Posts_Controller->get_item(Object(WP_REST_Request))
#23 /workspaces/UX-221-BR1---Web-Design-Lab-II-Final-Exam-2/.wordpress/wp-includes/rest-api/class-wp-rest-server.php(1125): WP_REST_Server->respond_to_request(Object(WP_REST_Request), '/wp/v2/pages/(?...', Array, NULL)
#24 /workspaces/UX-221-BR1---Web-Design-Lab-II-Final-Exam-2/.wordpress/wp-includes/rest-api.php(594): WP_REST_Server->dispatch(Object(WP_REST_Request))
#25 /workspaces/UX-221-BR1---Web-Design-Lab-II-Final-Exam-2/.wordpress/wp-includes/rest-api.php(2981): rest_do_request(Object(WP_REST_Request))
#26 [internal function]: rest_preload_api_request(Array, '/wp/v2/pages/14...')
#27 /workspaces/UX-221-BR1---Web-Design-Lab-II-Final-Exam-2/.wordpress/wp-includes/block-editor.php(762): array_reduce(Array, 'rest_preload_ap...', Array)
#28 /workspaces/UX-221-BR1---Web-Design-Lab-II-Final-Exam-2/.wordpress/wp-admin/edit-form-blocks.php(114): block_editor_rest_api_preload(Array, Object(WP_Block_Editor_Context))
#29 /workspaces/UX-221-BR1---Web-Design-Lab-II-Final-Exam-2/.wordpress/wp-admin/post.php(187): require('/workspaces/UX-...')
#30 {main}
  thrown in /workspaces/UX-221-BR1---Web-Design-Lab-II-Final-Exam-2/.wordpress/wp-content/plugins/user-registration/includes/functions-ur-form.php on line 64

2026-04-15T02:35:51+00:00 CRITICAL Uncaught Error: Class "UR_Frontend_Form_Handler" not found in /workspaces/UX-221-BR1---Web-Design-Lab-II-Final-Exam-2/.wordpress/wp-content/plugins/user-registration/includes/functions-ur-form.php:64
Stack trace:
#0 /workspaces/UX-221-BR1---Web-Design-Lab-II-Final-Exam-2/.wordpress/wp-content/plugins/user-registration/modules/membership/includes/Templates/membership-registration-form.php(567): ur_get_form_field_data(5)
#1 /workspaces/UX-221-BR1---Web-Design-Lab-II-Final-Exam-2/.wordpress/wp-content/plugins/user-registration/modules/membership/includes/Admin/Views/Shortcode/MemberRegistrationFormShortcode.php(56): require('/workspaces/UX-...')
#2 [internal function]: WPEverest\URMembership\Admin\Views\Shortcode\MemberRegistrationFormShortcode::display_form(Array, '')
#3 /workspaces/UX-221-BR1---Web-Design-Lab-II-Final-Exam-2/.wordpress/wp-content/plugins/user-registration/modules/membership/includes/ShortCodes.php(59): call_user_func(Array, Array, '')
#4 /workspaces/UX-221-BR1---Web-Design-Lab-II-Final-Exam-2/.wordpress/wp-content/plugins/user-registration/modules/membership/includes/ShortCodes.php(78): WPEverest\URMembership\ShortCodes::shortcode_wrapper(Array, Array)
#5 /workspaces/UX-221-BR1---Web-Design-Lab-II-Final-Exam-2/.wordpress/wp-content/plugins/user-registration/modules/membership/includes/Admin/Forms/class-ur-form-field-membership.php(221): WPEverest\URMembership\ShortCodes::member_registration_form(Array)
#6 /workspaces/UX-221-BR1---Web-Design-Lab-II-Final-Exam-2/.wordpress/wp-includes/class-wp-hook.php(341): UR_Form_Field_Membership->set_membership_field('', 'membership_fiel...', Array, '', '')
#7 /workspaces/UX-221-BR1---Web-Design-Lab-II-Final-Exam-2/.wordpress/wp-includes/plugin.php(205): WP_Hook->apply_filters('', Array)
#8 /workspaces/UX-221-BR1---Web-Design-Lab-II-Final-Exam-2/.wordpress/wp-content/plugins/user-registration/includes/functions-ur-template.php(1103): apply_filters('user_registrati...', '', 'membership_fiel...', Array, '', '')
#9 /workspaces/UX-221-BR1---Web-Design-Lab-II-Final-Exam-2/.wordpress/wp-content/plugins/user-registration/includes/abstracts/abstract-ur-form-field.php(521): user_registration_form_field('membership_fiel...', Array)
#10 /workspaces/UX-221-BR1---Web-Design-Lab-II-Final-Exam-2/.wordpress/wp-content/plugins/user-registration/includes/frontend/class-ur-frontend.php(180): UR_Form_Field->frontend_includes('5', 'text', 'membership', Array)
#11 /workspaces/UX-221-BR1---Web-Design-Lab-II-Final-Exam-2/.wordpress/wp-content/plugins/user-registration/templates/form-registration.php(265): UR_Frontend->user_registration_frontend_form(Object(stdClass), '5')
#12 /workspaces/UX-221-BR1---Web-Design-Lab-II-Final-Exam-2/.wordpress/wp-content/plugins/user-registration/includes/functions-ur-core.php(301): include('/workspaces/UX-...')
#13 /workspaces/UX-221-BR1---Web-Design-Lab-II-Final-Exam-2/.wordpress/wp-content/plugins/user-registration/includes/class-ur-shortcodes.php(578): ur_get_template('form-registrati...', Array)
#14 /workspaces/UX-221-BR1---Web-Design-Lab-II-Final-Exam-2/.wordpress/wp-content/plugins/user-registration/includes/class-ur-shortcodes.php(468): UR_Shortcodes::render_form('5')
#15 /workspaces/UX-221-BR1---Web-Design-Lab-II-Final-Exam-2/.wordpress/wp-includes/shortcodes.php(434): UR_Shortcodes::form(Array, '', 'user_registrati...')
#16 [internal function]: do_shortcode_tag(Array)
#17 /workspaces/UX-221-BR1---Web-Design-Lab-II-Final-Exam-2/.wordpress/wp-includes/shortcodes.php(273): preg_replace_callback('/\\[(\\[?)(user_r...', 'do_shortcode_ta...', '[user_registrat...')
#18 /workspaces/UX-221-BR1---Web-Design-Lab-II-Final-Exam-2/.wordpress/wp-includes/class-wp-hook.php(341): do_shortcode('[user_registrat...')
#19 /workspaces/UX-221-BR1---Web-Design-Lab-II-Final-Exam-2/.wordpress/wp-includes/plugin.php(205): WP_Hook->apply_filters('[user_registrat...', Array)
#20 /workspaces/UX-221-BR1---Web-Design-Lab-II-Final-Exam-2/.wordpress/wp-includes/rest-api/endpoints/class-wp-rest-posts-controller.php(1972): apply_filters('the_content', '[user_registrat...')
#21 /workspaces/UX-221-BR1---Web-Design-Lab-II-Final-Exam-2/.wordpress/wp-includes/rest-api/endpoints/class-wp-rest-posts-controller.php(666): WP_REST_Posts_Controller->prepare_item_for_response(Object(WP_Post), Object(WP_REST_Request))
#22 /workspaces/UX-221-BR1---Web-Design-Lab-II-Final-Exam-2/.wordpress/wp-includes/rest-api/class-wp-rest-server.php(1292): WP_REST_Posts_Controller->get_item(Object(WP_REST_Request))
#23 /workspaces/UX-221-BR1---Web-Design-Lab-II-Final-Exam-2/.wordpress/wp-includes/rest-api/class-wp-rest-server.php(1125): WP_REST_Server->respond_to_request(Object(WP_REST_Request), '/wp/v2/pages/(?...', Array, NULL)
#24 /workspaces/UX-221-BR1---Web-Design-Lab-II-Final-Exam-2/.wordpress/wp-includes/rest-api.php(594): WP_REST_Server->dispatch(Object(WP_REST_Request))
#25 /workspaces/UX-221-BR1---Web-Design-Lab-II-Final-Exam-2/.wordpress/wp-includes/rest-api.php(2981): rest_do_request(Object(WP_REST_Request))
#26 [internal function]: rest_preload_api_request(Array, '/wp/v2/pages/14...')
#27 /workspaces/UX-221-BR1---Web-Design-Lab-II-Final-Exam-2/.wordpress/wp-includes/block-editor.php(762): array_reduce(Array, 'rest_preload_ap...', Array)
#28 /workspaces/UX-221-BR1---Web-Design-Lab-II-Final-Exam-2/.wordpress/wp-admin/edit-form-blocks.php(114): block_editor_rest_api_preload(Array, Object(WP_Block_Editor_Context))
#29 /workspaces/UX-221-BR1---Web-Design-Lab-II-Final-Exam-2/.wordpress/wp-admin/post.php(187): require('/workspaces/UX-...')
#30 {main}
  thrown in /workspaces/UX-221-BR1---Web-Design-Lab-II-Final-Exam-2/.wordpress/wp-content/plugins/user-registration/includes/functions-ur-form.php on line 64

2026-04-15T02:35:51+00:00 CRITICAL Uncaught Error: Class "UR_Frontend_Form_Handler" not found in /workspaces/UX-221-BR1---Web-Design-Lab-II-Final-Exam-2/.wordpress/wp-content/plugins/user-registration/includes/functions-ur-form.php:64
Stack trace:
#0 /workspaces/UX-221-BR1---Web-Design-Lab-II-Final-Exam-2/.wordpress/wp-content/plugins/user-registration/modules/membership/includes/Templates/membership-registration-form.php(567): ur_get_form_field_data(5)
#1 /workspaces/UX-221-BR1---Web-Design-Lab-II-Final-Exam-2/.wordpress/wp-content/plugins/user-registration/modules/membership/includes/Admin/Views/Shortcode/MemberRegistrationFormShortcode.php(56): require('/workspaces/UX-...')
#2 [internal function]: WPEverest\URMembership\Admin\Views\Shortcode\MemberRegistrationFormShortcode::display_form(Array, '')
#3 /workspaces/UX-221-BR1---Web-Design-Lab-II-Final-Exam-2/.wordpress/wp-content/plugins/user-registration/modules/membership/includes/ShortCodes.php(59): call_user_func(Array, Array, '')
#4 /workspaces/UX-221-BR1---Web-Design-Lab-II-Final-Exam-2/.wordpress/wp-content/plugins/user-registration/modules/membership/includes/ShortCodes.php(78): WPEverest\URMembership\ShortCodes::shortcode_wrapper(Array, Array)
#5 /workspaces/UX-221-BR1---Web-Design-Lab-II-Final-Exam-2/.wordpress/wp-content/plugins/user-registration/modules/membership/includes/Admin/Forms/class-ur-form-field-membership.php(221): WPEverest\URMembership\ShortCodes::member_registration_form(Array)
#6 /workspaces/UX-221-BR1---Web-Design-Lab-II-Final-Exam-2/.wordpress/wp-includes/class-wp-hook.php(341): UR_Form_Field_Membership->set_membership_field('', 'membership_fiel...', Array, '', '')
#7 /workspaces/UX-221-BR1---Web-Design-Lab-II-Final-Exam-2/.wordpress/wp-includes/plugin.php(205): WP_Hook->apply_filters('', Array)
#8 /workspaces/UX-221-BR1---Web-Design-Lab-II-Final-Exam-2/.wordpress/wp-content/plugins/user-registration/includes/functions-ur-template.php(1103): apply_filters('user_registrati...', '', 'membership_fiel...', Array, '', '')
#9 /workspaces/UX-221-BR1---Web-Design-Lab-II-Final-Exam-2/.wordpress/wp-content/plugins/user-registration/includes/abstracts/abstract-ur-form-field.php(521): user_registration_form_field('membership_fiel...', Array)
#10 /workspaces/UX-221-BR1---Web-Design-Lab-II-Final-Exam-2/.wordpress/wp-content/plugins/user-registration/includes/frontend/class-ur-frontend.php(180): UR_Form_Field->frontend_includes('5', 'text', 'membership', Array)
#11 /workspaces/UX-221-BR1---Web-Design-Lab-II-Final-Exam-2/.wordpress/wp-content/plugins/user-registration/templates/form-registration.php(265): UR_Frontend->user_registration_frontend_form(Object(stdClass), '5')
#12 /workspaces/UX-221-BR1---Web-Design-Lab-II-Final-Exam-2/.wordpress/wp-content/plugins/user-registration/includes/functions-ur-core.php(301): include('/workspaces/UX-...')
#13 /workspaces/UX-221-BR1---Web-Design-Lab-II-Final-Exam-2/.wordpress/wp-content/plugins/user-registration/includes/class-ur-shortcodes.php(578): ur_get_template('form-registrati...', Array)
#14 /workspaces/UX-221-BR1---Web-Design-Lab-II-Final-Exam-2/.wordpress/wp-content/plugins/user-registration/includes/class-ur-shortcodes.php(468): UR_Shortcodes::render_form('5')
#15 /workspaces/UX-221-BR1---Web-Design-Lab-II-Final-Exam-2/.wordpress/wp-includes/shortcodes.php(434): UR_Shortcodes::form(Array, '', 'user_registrati...')
#16 [internal function]: do_shortcode_tag(Array)
#17 /workspaces/UX-221-BR1---Web-Design-Lab-II-Final-Exam-2/.wordpress/wp-includes/shortcodes.php(273): preg_replace_callback('/\\[(\\[?)(user_r...', 'do_shortcode_ta...', '[user_registrat...')
#18 /workspaces/UX-221-BR1---Web-Design-Lab-II-Final-Exam-2/.wordpress/wp-includes/class-wp-hook.php(341): do_shortcode('[user_registrat...')
#19 /workspaces/UX-221-BR1---Web-Design-Lab-II-Final-Exam-2/.wordpress/wp-includes/plugin.php(205): WP_Hook->apply_filters('[user_registrat...', Array)
#20 /workspaces/UX-221-BR1---Web-Design-Lab-II-Final-Exam-2/.wordpress/wp-includes/rest-api/endpoints/class-wp-rest-posts-controller.php(1972): apply_filters('the_content', '[user_registrat...')
#21 /workspaces/UX-221-BR1---Web-Design-Lab-II-Final-Exam-2/.wordpress/wp-includes/rest-api/endpoints/class-wp-rest-posts-controller.php(666): WP_REST_Posts_Controller->prepare_item_for_response(Object(WP_Post), Object(WP_REST_Request))
#22 /workspaces/UX-221-BR1---Web-Design-Lab-II-Final-Exam-2/.wordpress/wp-includes/rest-api/class-wp-rest-server.php(1292): WP_REST_Posts_Controller->get_item(Object(WP_REST_Request))
#23 /workspaces/UX-221-BR1---Web-Design-Lab-II-Final-Exam-2/.wordpress/wp-includes/rest-api/class-wp-rest-server.php(1125): WP_REST_Server->respond_to_request(Object(WP_REST_Request), '/wp/v2/pages/(?...', Array, NULL)
#24 /workspaces/UX-221-BR1---Web-Design-Lab-II-Final-Exam-2/.wordpress/wp-includes/rest-api.php(594): WP_REST_Server->dispatch(Object(WP_REST_Request))
#25 /workspaces/UX-221-BR1---Web-Design-Lab-II-Final-Exam-2/.wordpress/wp-includes/rest-api.php(2981): rest_do_request(Object(WP_REST_Request))
#26 [internal function]: rest_preload_api_request(Array, '/wp/v2/pages/14...')
#27 /workspaces/UX-221-BR1---Web-Design-Lab-II-Final-Exam-2/.wordpress/wp-includes/block-editor.php(762): array_reduce(Array, 'rest_preload_ap...', Array)
#28 /workspaces/UX-221-BR1---Web-Design-Lab-II-Final-Exam-2/.wordpress/wp-admin/edit-form-blocks.php(114): block_editor_rest_api_preload(Array, Object(WP_Block_Editor_Context))
#29 /workspaces/UX-221-BR1---Web-Design-Lab-II-Final-Exam-2/.wordpress/wp-admin/post.php(187): require('/workspaces/UX-...')
#30 {main}
  thrown in /workspaces/UX-221-BR1---Web-Design-Lab-II-Final-Exam-2/.wordpress/wp-content/plugins/user-registration/includes/functions-ur-form.php on line 64

